MPLINK 4.46, Linker
Linker Map File - Created Tue Oct 08 19:14:42 2013

                                 Section Info
                  Section       Type    Address   Location Size(Bytes)
                ---------  ---------  ---------  ---------  ---------
                   .org_0       code   0x000000    program   0x000000
                   .org_1       code   0x000000    program   0x000004
                   .org_2       code   0x000008    program   0x000004
                   .org_3       code   0x000018    program   0x000996
    .config_300000_MAIN.O       code   0x300000    program   0x000002
    .config_300002_MAIN.O       code   0x300002    program   0x000002
    .config_300006_MAIN.O       code   0x300006    program   0x000002
    .config_300008_MAIN.O       code   0x300008    program   0x000002
    .config_30000A_MAIN.O       code   0x30000a    program   0x000002
    .config_30000C_MAIN.O       code   0x30000c    program   0x000002



                              Program Memory Usage 
                               Start         End      
                           ---------   ---------      
                            0x000000    0x000003      
                            0x000008    0x00000b      
                            0x000018    0x0009ad      
                            0x300000    0x300003      
                            0x300006    0x30000d      
            2474 out of 33048 program addresses used, program memory utilization is 7%



                              Symbols - Sorted by Name
                     Name    Address   Location    Storage File                     
                ---------  ---------  ---------  --------- ---------                
                 Adc_Read   0x00070c    program     static C:\Documents and Settings\hugo\My Documents\GitHub\Bleuette\src\BleuettePi\Pic\functions.inc
             Current_Test   0x00075e    program     static C:\Documents and Settings\hugo\My Documents\GitHub\Bleuette\src\BleuettePi\Pic\functions.inc
              Serial_Send   0x000730    program     static C:\Documents and Settings\hugo\My Documents\GitHub\Bleuette\src\BleuettePi\Pic\functions.inc
        Serial_Send_Delay   0x00073a    program     static C:\Documents and Settings\hugo\My Documents\GitHub\Bleuette\src\BleuettePi\Pic\functions.inc
          _Adc_Read_Delay   0x000716    program     static C:\Documents and Settings\hugo\My Documents\GitHub\Bleuette\src\BleuettePi\Pic\functions.inc
           _Adc_Read_Wait   0x00071e    program     static C:\Documents and Settings\hugo\My Documents\GitHub\Bleuette\src\BleuettePi\Pic\functions.inc
      _Current_Test_Alert   0x0007a0    program     static C:\Documents and Settings\hugo\My Documents\GitHub\Bleuette\src\BleuettePi\Pic\functions.inc
       _Current_Test_Exit   0x0007a4    program     static C:\Documents and Settings\hugo\My Documents\GitHub\Bleuette\src\BleuettePi\Pic\functions.inc
          _Current_Test_H   0x00076e    program     static C:\Documents and Settings\hugo\My Documents\GitHub\Bleuette\src\BleuettePi\Pic\functions.inc
          _Current_Test_L   0x00078a    program     static C:\Documents and Settings\hugo\My Documents\GitHub\Bleuette\src\BleuettePi\Pic\functions.inc
       _Serial_Send_Delay   0x000746    program     static C:\Documents and Settings\hugo\My Documents\GitHub\Bleuette\src\BleuettePi\Pic\functions.inc
                 _clrPort   0x0008a8    program     static C:\Documents and Settings\hugo\My Documents\GitHub\Bleuette\src\BleuettePi\Pic\main.asm
                    _init   0x00041e    program     static C:\Documents and Settings\hugo\My Documents\GitHub\Bleuette\src\BleuettePi\Pic\init.inc
        _int1_usart_clear   0x000236    program     static C:\Documents and Settings\hugo\My Documents\GitHub\Bleuette\src\BleuettePi\Pic\main.asm
_int1_usart_received_send_ack   0x00021e    program     static C:\Documents and Settings\hugo\My Documents\GitHub\Bleuette\src\BleuettePi\Pic\main.asm
_int1_usart_received_test_ana0   0x0000d6    program     static C:\Documents and Settings\hugo\My Documents\GitHub\Bleuette\src\BleuettePi\Pic\main.asm
_int1_usart_received_test_ana1   0x0000fc    program     static C:\Documents and Settings\hugo\My Documents\GitHub\Bleuette\src\BleuettePi\Pic\main.asm
_int1_usart_received_test_ana2   0x000122    program     static C:\Documents and Settings\hugo\My Documents\GitHub\Bleuette\src\BleuettePi\Pic\main.asm
_int1_usart_received_test_ana3   0x000148    program     static C:\Documents and Settings\hugo\My Documents\GitHub\Bleuette\src\BleuettePi\Pic\main.asm
_int1_usart_received_test_ana4   0x00016e    program     static C:\Documents and Settings\hugo\My Documents\GitHub\Bleuette\src\BleuettePi\Pic\main.asm
_int1_usart_received_test_ana5   0x000194    program     static C:\Documents and Settings\hugo\My Documents\GitHub\Bleuette\src\BleuettePi\Pic\main.asm
_int1_usart_received_test_ana6   0x0001ba    program     static C:\Documents and Settings\hugo\My Documents\GitHub\Bleuette\src\BleuettePi\Pic\main.asm
_int1_usart_received_test_ana7   0x0001e0    program     static C:\Documents and Settings\hugo\My Documents\GitHub\Bleuette\src\BleuettePi\Pic\main.asm
_int1_usart_received_test_clear   0x00020a    program     static C:\Documents and Settings\hugo\My Documents\GitHub\Bleuette\src\BleuettePi\Pic\main.asm
_int1_usart_received_test_cur   0x00009c    program     static C:\Documents and Settings\hugo\My Documents\GitHub\Bleuette\src\BleuettePi\Pic\main.asm
_int1_usart_received_test_init   0x000068    program     static C:\Documents and Settings\hugo\My Documents\GitHub\Bleuette\src\BleuettePi\Pic\main.asm
_int1_usart_received_test_pause   0x00007c    program     static C:\Documents and Settings\hugo\My Documents\GitHub\Bleuette\src\BleuettePi\Pic\main.asm
_int1_usart_received_test_resume   0x00008e    program     static C:\Documents and Settings\hugo\My Documents\GitHub\Bleuette\src\BleuettePi\Pic\main.asm
_int1_usart_received_test_set   0x00005c    program     static C:\Documents and Settings\hugo\My Documents\GitHub\Bleuette\src\BleuettePi\Pic\main.asm
_int1_usart_received_test_stat   0x0000bc    program     static C:\Documents and Settings\hugo\My Documents\GitHub\Bleuette\src\BleuettePi\Pic\main.asm
              _inth_Timer   0x000328    program     static C:\Documents and Settings\hugo\My Documents\GitHub\Bleuette\src\BleuettePi\Pic\main.asm
              _intl_usart   0x00003e    program     static C:\Documents and Settings\hugo\My Documents\GitHub\Bleuette\src\BleuettePi\Pic\main.asm
          _intl_usart_end   0x000320    program     static C:\Documents and Settings\hugo\My Documents\GitHub\Bleuette\src\BleuettePi\Pic\main.asm
         _intl_usart_exit   0x000322    program     static C:\Documents and Settings\hugo\My Documents\GitHub\Bleuette\src\BleuettePi\Pic\main.asm
_intl_usart_received_test_cmd   0x000054    program     static C:\Documents and Settings\hugo\My Documents\GitHub\Bleuette\src\BleuettePi\Pic\main.asm
_intl_usart_received_test_ctrl   0x00031c    program     static C:\Documents and Settings\hugo\My Documents\GitHub\Bleuette\src\BleuettePi\Pic\main.asm
_intl_usart_received_test_pos0   0x00023c    program     static C:\Documents and Settings\hugo\My Documents\GitHub\Bleuette\src\BleuettePi\Pic\main.asm
_intl_usart_received_test_pos1   0x00024c    program     static C:\Documents and Settings\hugo\My Documents\GitHub\Bleuette\src\BleuettePi\Pic\main.asm
_intl_usart_received_test_pos10   0x0002dc    program     static C:\Documents and Settings\hugo\My Documents\GitHub\Bleuette\src\BleuettePi\Pic\main.asm
_intl_usart_received_test_pos11   0x0002ec    program     static C:\Documents and Settings\hugo\My Documents\GitHub\Bleuette\src\BleuettePi\Pic\main.asm
_intl_usart_received_test_pos12   0x0002fc    program     static C:\Documents and Settings\hugo\My Documents\GitHub\Bleuette\src\BleuettePi\Pic\main.asm
_intl_usart_received_test_pos13   0x00030c    program     static C:\Documents and Settings\hugo\My Documents\GitHub\Bleuette\src\BleuettePi\Pic\main.asm
_intl_usart_received_test_pos2   0x00025c    program     static C:\Documents and Settings\hugo\My Documents\GitHub\Bleuette\src\BleuettePi\Pic\main.asm
_intl_usart_received_test_pos3   0x00026c    program     static C:\Documents and Settings\hugo\My Documents\GitHub\Bleuette\src\BleuettePi\Pic\main.asm
_intl_usart_received_test_pos4   0x00027c    program     static C:\Documents and Settings\hugo\My Documents\GitHub\Bleuette\src\BleuettePi\Pic\main.asm
_intl_usart_received_test_pos5   0x00028c    program     static C:\Documents and Settings\hugo\My Documents\GitHub\Bleuette\src\BleuettePi\Pic\main.asm
_intl_usart_received_test_pos6   0x00029c    program     static C:\Documents and Settings\hugo\My Documents\GitHub\Bleuette\src\BleuettePi\Pic\main.asm
_intl_usart_received_test_pos7   0x0002ac    program     static C:\Documents and Settings\hugo\My Documents\GitHub\Bleuette\src\BleuettePi\Pic\main.asm
_intl_usart_received_test_pos8   0x0002bc    program     static C:\Documents and Settings\hugo\My Documents\GitHub\Bleuette\src\BleuettePi\Pic\main.asm
_intl_usart_received_test_pos9   0x0002cc    program     static C:\Documents and Settings\hugo\My Documents\GitHub\Bleuette\src\BleuettePi\Pic\main.asm
_intl_usart_unknow_command   0x00022c    program     static C:\Documents and Settings\hugo\My Documents\GitHub\Bleuette\src\BleuettePi\Pic\main.asm
                    _sort   0x000926    program     static C:\Documents and Settings\hugo\My Documents\GitHub\Bleuette\src\BleuettePi\Pic\main.asm
                _sort_inf   0x00094e    program     static C:\Documents and Settings\hugo\My Documents\GitHub\Bleuette\src\BleuettePi\Pic\main.asm
               _sort_last   0x00093a    program     static C:\Documents and Settings\hugo\My Documents\GitHub\Bleuette\src\BleuettePi\Pic\main.asm
               _sort_next   0x000948    program     static C:\Documents and Settings\hugo\My Documents\GitHub\Bleuette\src\BleuettePi\Pic\main.asm
                _sort_paf   0x000960    program     static C:\Documents and Settings\hugo\My Documents\GitHub\Bleuette\src\BleuettePi\Pic\main.asm
                _sort_pif   0x00096c    program     static C:\Documents and Settings\hugo\My Documents\GitHub\Bleuette\src\BleuettePi\Pic\main.asm
               _sort_quit   0x000970    program     static C:\Documents and Settings\hugo\My Documents\GitHub\Bleuette\src\BleuettePi\Pic\main.asm
                      ack   0x0006ba    program     static C:\Documents and Settings\hugo\My Documents\GitHub\Bleuette\src\BleuettePi\Pic\main.asm
                 bcl_toto   0x000344    program     static C:\Documents and Settings\hugo\My Documents\GitHub\Bleuette\src\BleuettePi\Pic\main.asm
              clearAllOut   0x0007d8    program     static C:\Documents and Settings\hugo\My Documents\GitHub\Bleuette\src\BleuettePi\Pic\main.asm
                  clrPort   0x00085e    program     static C:\Documents and Settings\hugo\My Documents\GitHub\Bleuette\src\BleuettePi\Pic\main.asm
                     inth   0x00001c    program     static C:\Documents and Settings\hugo\My Documents\GitHub\Bleuette\src\BleuettePi\Pic\main.asm
                 inth_end   0x000418    program     static C:\Documents and Settings\hugo\My Documents\GitHub\Bleuette\src\BleuettePi\Pic\main.asm
                     intl   0x000036    program     static C:\Documents and Settings\hugo\My Documents\GitHub\Bleuette\src\BleuettePi\Pic\main.asm
                     main   0x000688    program     static C:\Documents and Settings\hugo\My Documents\GitHub\Bleuette\src\BleuettePi\Pic\main.asm
                     nack   0x0006fe    program     static C:\Documents and Settings\hugo\My Documents\GitHub\Bleuette\src\BleuettePi\Pic\main.asm
                   phase2   0x0003c8    program     static C:\Documents and Settings\hugo\My Documents\GitHub\Bleuette\src\BleuettePi\Pic\main.asm
                   phase3   0x0003ee    program     static C:\Documents and Settings\hugo\My Documents\GitHub\Bleuette\src\BleuettePi\Pic\main.asm
                   phase4   0x000404    program     static C:\Documents and Settings\hugo\My Documents\GitHub\Bleuette\src\BleuettePi\Pic\main.asm
               setAllPort   0x0007e0    program     static C:\Documents and Settings\hugo\My Documents\GitHub\Bleuette\src\BleuettePi\Pic\main.asm
                 setValue   0x0007a6    program     static C:\Documents and Settings\hugo\My Documents\GitHub\Bleuette\src\BleuettePi\Pic\main.asm
                     sort   0x0008ec    program     static C:\Documents and Settings\hugo\My Documents\GitHub\Bleuette\src\BleuettePi\Pic\main.asm
                    sort_   0x00090e    program     static C:\Documents and Settings\hugo\My Documents\GitHub\Bleuette\src\BleuettePi\Pic\main.asm



                              Symbols - Sorted by Address
                     Name    Address   Location    Storage File                     
                ---------  ---------  ---------  --------- ---------                
                     inth   0x00001c    program     static C:\Documents and Settings\hugo\My Documents\GitHub\Bleuette\src\BleuettePi\Pic\main.asm
                     intl   0x000036    program     static C:\Documents and Settings\hugo\My Documents\GitHub\Bleuette\src\BleuettePi\Pic\main.asm
              _intl_usart   0x00003e    program     static C:\Documents and Settings\hugo\My Documents\GitHub\Bleuette\src\BleuettePi\Pic\main.asm
_intl_usart_received_test_cmd   0x000054    program     static C:\Documents and Settings\hugo\My Documents\GitHub\Bleuette\src\BleuettePi\Pic\main.asm
_int1_usart_received_test_set   0x00005c    program     static C:\Documents and Settings\hugo\My Documents\GitHub\Bleuette\src\BleuettePi\Pic\main.asm
_int1_usart_received_test_init   0x000068    program     static C:\Documents and Settings\hugo\My Documents\GitHub\Bleuette\src\BleuettePi\Pic\main.asm
_int1_usart_received_test_pause   0x00007c    program     static C:\Documents and Settings\hugo\My Documents\GitHub\Bleuette\src\BleuettePi\Pic\main.asm
_int1_usart_received_test_resume   0x00008e    program     static C:\Documents and Settings\hugo\My Documents\GitHub\Bleuette\src\BleuettePi\Pic\main.asm
_int1_usart_received_test_cur   0x00009c    program     static C:\Documents and Settings\hugo\My Documents\GitHub\Bleuette\src\BleuettePi\Pic\main.asm
_int1_usart_received_test_stat   0x0000bc    program     static C:\Documents and Settings\hugo\My Documents\GitHub\Bleuette\src\BleuettePi\Pic\main.asm
_int1_usart_received_test_ana0   0x0000d6    program     static C:\Documents and Settings\hugo\My Documents\GitHub\Bleuette\src\BleuettePi\Pic\main.asm
_int1_usart_received_test_ana1   0x0000fc    program     static C:\Documents and Settings\hugo\My Documents\GitHub\Bleuette\src\BleuettePi\Pic\main.asm
_int1_usart_received_test_ana2   0x000122    program     static C:\Documents and Settings\hugo\My Documents\GitHub\Bleuette\src\BleuettePi\Pic\main.asm
_int1_usart_received_test_ana3   0x000148    program     static C:\Documents and Settings\hugo\My Documents\GitHub\Bleuette\src\BleuettePi\Pic\main.asm
_int1_usart_received_test_ana4   0x00016e    program     static C:\Documents and Settings\hugo\My Documents\GitHub\Bleuette\src\BleuettePi\Pic\main.asm
_int1_usart_received_test_ana5   0x000194    program     static C:\Documents and Settings\hugo\My Documents\GitHub\Bleuette\src\BleuettePi\Pic\main.asm
_int1_usart_received_test_ana6   0x0001ba    program     static C:\Documents and Settings\hugo\My Documents\GitHub\Bleuette\src\BleuettePi\Pic\main.asm
_int1_usart_received_test_ana7   0x0001e0    program     static C:\Documents and Settings\hugo\My Documents\GitHub\Bleuette\src\BleuettePi\Pic\main.asm
_int1_usart_received_test_clear   0x00020a    program     static C:\Documents and Settings\hugo\My Documents\GitHub\Bleuette\src\BleuettePi\Pic\main.asm
_int1_usart_received_send_ack   0x00021e    program     static C:\Documents and Settings\hugo\My Documents\GitHub\Bleuette\src\BleuettePi\Pic\main.asm
_intl_usart_unknow_command   0x00022c    program     static C:\Documents and Settings\hugo\My Documents\GitHub\Bleuette\src\BleuettePi\Pic\main.asm
        _int1_usart_clear   0x000236    program     static C:\Documents and Settings\hugo\My Documents\GitHub\Bleuette\src\BleuettePi\Pic\main.asm
_intl_usart_received_test_pos0   0x00023c    program     static C:\Documents and Settings\hugo\My Documents\GitHub\Bleuette\src\BleuettePi\Pic\main.asm
_intl_usart_received_test_pos1   0x00024c    program     static C:\Documents and Settings\hugo\My Documents\GitHub\Bleuette\src\BleuettePi\Pic\main.asm
_intl_usart_received_test_pos2   0x00025c    program     static C:\Documents and Settings\hugo\My Documents\GitHub\Bleuette\src\BleuettePi\Pic\main.asm
_intl_usart_received_test_pos3   0x00026c    program     static C:\Documents and Settings\hugo\My Documents\GitHub\Bleuette\src\BleuettePi\Pic\main.asm
_intl_usart_received_test_pos4   0x00027c    program     static C:\Documents and Settings\hugo\My Documents\GitHub\Bleuette\src\BleuettePi\Pic\main.asm
_intl_usart_received_test_pos5   0x00028c    program     static C:\Documents and Settings\hugo\My Documents\GitHub\Bleuette\src\BleuettePi\Pic\main.asm
_intl_usart_received_test_pos6   0x00029c    program     static C:\Documents and Settings\hugo\My Documents\GitHub\Bleuette\src\BleuettePi\Pic\main.asm
_intl_usart_received_test_pos7   0x0002ac    program     static C:\Documents and Settings\hugo\My Documents\GitHub\Bleuette\src\BleuettePi\Pic\main.asm
_intl_usart_received_test_pos8   0x0002bc    program     static C:\Documents and Settings\hugo\My Documents\GitHub\Bleuette\src\BleuettePi\Pic\main.asm
_intl_usart_received_test_pos9   0x0002cc    program     static C:\Documents and Settings\hugo\My Documents\GitHub\Bleuette\src\BleuettePi\Pic\main.asm
_intl_usart_received_test_pos10   0x0002dc    program     static C:\Documents and Settings\hugo\My Documents\GitHub\Bleuette\src\BleuettePi\Pic\main.asm
_intl_usart_received_test_pos11   0x0002ec    program     static C:\Documents and Settings\hugo\My Documents\GitHub\Bleuette\src\BleuettePi\Pic\main.asm
_intl_usart_received_test_pos12   0x0002fc    program     static C:\Documents and Settings\hugo\My Documents\GitHub\Bleuette\src\BleuettePi\Pic\main.asm
_intl_usart_received_test_pos13   0x00030c    program     static C:\Documents and Settings\hugo\My Documents\GitHub\Bleuette\src\BleuettePi\Pic\main.asm
_intl_usart_received_test_ctrl   0x00031c    program     static C:\Documents and Settings\hugo\My Documents\GitHub\Bleuette\src\BleuettePi\Pic\main.asm
          _intl_usart_end   0x000320    program     static C:\Documents and Settings\hugo\My Documents\GitHub\Bleuette\src\BleuettePi\Pic\main.asm
         _intl_usart_exit   0x000322    program     static C:\Documents and Settings\hugo\My Documents\GitHub\Bleuette\src\BleuettePi\Pic\main.asm
              _inth_Timer   0x000328    program     static C:\Documents and Settings\hugo\My Documents\GitHub\Bleuette\src\BleuettePi\Pic\main.asm
                 bcl_toto   0x000344    program     static C:\Documents and Settings\hugo\My Documents\GitHub\Bleuette\src\BleuettePi\Pic\main.asm
                   phase2   0x0003c8    program     static C:\Documents and Settings\hugo\My Documents\GitHub\Bleuette\src\BleuettePi\Pic\main.asm
                   phase3   0x0003ee    program     static C:\Documents and Settings\hugo\My Documents\GitHub\Bleuette\src\BleuettePi\Pic\main.asm
                   phase4   0x000404    program     static C:\Documents and Settings\hugo\My Documents\GitHub\Bleuette\src\BleuettePi\Pic\main.asm
                 inth_end   0x000418    program     static C:\Documents and Settings\hugo\My Documents\GitHub\Bleuette\src\BleuettePi\Pic\main.asm
                    _init   0x00041e    program     static C:\Documents and Settings\hugo\My Documents\GitHub\Bleuette\src\BleuettePi\Pic\init.inc
                     main   0x000688    program     static C:\Documents and Settings\hugo\My Documents\GitHub\Bleuette\src\BleuettePi\Pic\main.asm
                      ack   0x0006ba    program     static C:\Documents and Settings\hugo\My Documents\GitHub\Bleuette\src\BleuettePi\Pic\main.asm
                     nack   0x0006fe    program     static C:\Documents and Settings\hugo\My Documents\GitHub\Bleuette\src\BleuettePi\Pic\main.asm
                 Adc_Read   0x00070c    program     static C:\Documents and Settings\hugo\My Documents\GitHub\Bleuette\src\BleuettePi\Pic\functions.inc
          _Adc_Read_Delay   0x000716    program     static C:\Documents and Settings\hugo\My Documents\GitHub\Bleuette\src\BleuettePi\Pic\functions.inc
           _Adc_Read_Wait   0x00071e    program     static C:\Documents and Settings\hugo\My Documents\GitHub\Bleuette\src\BleuettePi\Pic\functions.inc
              Serial_Send   0x000730    program     static C:\Documents and Settings\hugo\My Documents\GitHub\Bleuette\src\BleuettePi\Pic\functions.inc
        Serial_Send_Delay   0x00073a    program     static C:\Documents and Settings\hugo\My Documents\GitHub\Bleuette\src\BleuettePi\Pic\functions.inc
       _Serial_Send_Delay   0x000746    program     static C:\Documents and Settings\hugo\My Documents\GitHub\Bleuette\src\BleuettePi\Pic\functions.inc
             Current_Test   0x00075e    program     static C:\Documents and Settings\hugo\My Documents\GitHub\Bleuette\src\BleuettePi\Pic\functions.inc
          _Current_Test_H   0x00076e    program     static C:\Documents and Settings\hugo\My Documents\GitHub\Bleuette\src\BleuettePi\Pic\functions.inc
          _Current_Test_L   0x00078a    program     static C:\Documents and Settings\hugo\My Documents\GitHub\Bleuette\src\BleuettePi\Pic\functions.inc
      _Current_Test_Alert   0x0007a0    program     static C:\Documents and Settings\hugo\My Documents\GitHub\Bleuette\src\BleuettePi\Pic\functions.inc
       _Current_Test_Exit   0x0007a4    program     static C:\Documents and Settings\hugo\My Documents\GitHub\Bleuette\src\BleuettePi\Pic\functions.inc
                 setValue   0x0007a6    program     static C:\Documents and Settings\hugo\My Documents\GitHub\Bleuette\src\BleuettePi\Pic\main.asm
              clearAllOut   0x0007d8    program     static C:\Documents and Settings\hugo\My Documents\GitHub\Bleuette\src\BleuettePi\Pic\main.asm
               setAllPort   0x0007e0    program     static C:\Documents and Settings\hugo\My Documents\GitHub\Bleuette\src\BleuettePi\Pic\main.asm
                  clrPort   0x00085e    program     static C:\Documents and Settings\hugo\My Documents\GitHub\Bleuette\src\BleuettePi\Pic\main.asm
                 _clrPort   0x0008a8    program     static C:\Documents and Settings\hugo\My Documents\GitHub\Bleuette\src\BleuettePi\Pic\main.asm
                     sort   0x0008ec    program     static C:\Documents and Settings\hugo\My Documents\GitHub\Bleuette\src\BleuettePi\Pic\main.asm
                    sort_   0x00090e    program     static C:\Documents and Settings\hugo\My Documents\GitHub\Bleuette\src\BleuettePi\Pic\main.asm
                    _sort   0x000926    program     static C:\Documents and Settings\hugo\My Documents\GitHub\Bleuette\src\BleuettePi\Pic\main.asm
               _sort_last   0x00093a    program     static C:\Documents and Settings\hugo\My Documents\GitHub\Bleuette\src\BleuettePi\Pic\main.asm
               _sort_next   0x000948    program     static C:\Documents and Settings\hugo\My Documents\GitHub\Bleuette\src\BleuettePi\Pic\main.asm
                _sort_inf   0x00094e    program     static C:\Documents and Settings\hugo\My Documents\GitHub\Bleuette\src\BleuettePi\Pic\main.asm
                _sort_paf   0x000960    program     static C:\Documents and Settings\hugo\My Documents\GitHub\Bleuette\src\BleuettePi\Pic\main.asm
                _sort_pif   0x00096c    program     static C:\Documents and Settings\hugo\My Documents\GitHub\Bleuette\src\BleuettePi\Pic\main.asm
               _sort_quit   0x000970    program     static C:\Documents and Settings\hugo\My Documents\GitHub\Bleuette\src\BleuettePi\Pic\main.asm


