MPLINK 4.46, Linker
Linker Map File - Created Tue Jul 02 22:00:31 2013

                                 Section Info
                  Section       Type    Address   Location Size(Bytes)
                ---------  ---------  ---------  ---------  ---------
                   .org_0       code   0x000000    program   0x000000
                   .org_1       code   0x000000    program   0x000004
                   .org_2       code   0x000008    program   0x000004
                   .org_3       code   0x000018    program   0x000806
    .config_300000_MAIN.O       code   0x300000    program   0x000002
    .config_300002_MAIN.O       code   0x300002    program   0x000002
    .config_300006_MAIN.O       code   0x300006    program   0x000002
    .config_300008_MAIN.O       code   0x300008    program   0x000002
    .config_30000A_MAIN.O       code   0x30000a    program   0x000002
    .config_30000C_MAIN.O       code   0x30000c    program   0x000002



                              Program Memory Usage 
                               Start         End      
                           ---------   ---------      
                            0x000000    0x000003      
                            0x000008    0x00000b      
                            0x000018    0x00081d      
                            0x300000    0x300003      
                            0x300006    0x30000d      
            2074 out of 33048 program addresses used, program memory utilization is 6%



                              Symbols - Sorted by Name
                     Name    Address   Location    Storage File                     
                ---------  ---------  ---------  --------- ---------                
                 _clrPort   0x000718    program     static C:\Documents and Settings\hugo\My Documents\GitHub\Bleuette\src\BleuettePi\Pic\main.asm
                    _init   0x000340    program     static C:\Documents and Settings\hugo\My Documents\GitHub\Bleuette\src\BleuettePi\Pic\init.inc
        _int1_usart_clear   0x000158    program     static C:\Documents and Settings\hugo\My Documents\GitHub\Bleuette\src\BleuettePi\Pic\main.asm
_int1_usart_received_send_ack   0x000140    program     static C:\Documents and Settings\hugo\My Documents\GitHub\Bleuette\src\BleuettePi\Pic\main.asm
_int1_usart_received_test_ana0   0x00009c    program     static C:\Documents and Settings\hugo\My Documents\GitHub\Bleuette\src\BleuettePi\Pic\main.asm
_int1_usart_received_test_ana1   0x0000b2    program     static C:\Documents and Settings\hugo\My Documents\GitHub\Bleuette\src\BleuettePi\Pic\main.asm
_int1_usart_received_test_ana2   0x0000c8    program     static C:\Documents and Settings\hugo\My Documents\GitHub\Bleuette\src\BleuettePi\Pic\main.asm
_int1_usart_received_test_ana3   0x0000de    program     static C:\Documents and Settings\hugo\My Documents\GitHub\Bleuette\src\BleuettePi\Pic\main.asm
_int1_usart_received_test_ana4   0x0000f4    program     static C:\Documents and Settings\hugo\My Documents\GitHub\Bleuette\src\BleuettePi\Pic\main.asm
_int1_usart_received_test_ana5   0x00010a    program     static C:\Documents and Settings\hugo\My Documents\GitHub\Bleuette\src\BleuettePi\Pic\main.asm
_int1_usart_received_test_clear   0x000120    program     static C:\Documents and Settings\hugo\My Documents\GitHub\Bleuette\src\BleuettePi\Pic\main.asm
_int1_usart_received_test_init   0x000068    program     static C:\Documents and Settings\hugo\My Documents\GitHub\Bleuette\src\BleuettePi\Pic\main.asm
_int1_usart_received_test_pause   0x00007c    program     static C:\Documents and Settings\hugo\My Documents\GitHub\Bleuette\src\BleuettePi\Pic\main.asm
_int1_usart_received_test_resume   0x00008e    program     static C:\Documents and Settings\hugo\My Documents\GitHub\Bleuette\src\BleuettePi\Pic\main.asm
_int1_usart_received_test_set   0x00005c    program     static C:\Documents and Settings\hugo\My Documents\GitHub\Bleuette\src\BleuettePi\Pic\main.asm
              _inth_Timer   0x00024a    program     static C:\Documents and Settings\hugo\My Documents\GitHub\Bleuette\src\BleuettePi\Pic\main.asm
              _intl_usart   0x00003e    program     static C:\Documents and Settings\hugo\My Documents\GitHub\Bleuette\src\BleuettePi\Pic\main.asm
          _intl_usart_end   0x000242    program     static C:\Documents and Settings\hugo\My Documents\GitHub\Bleuette\src\BleuettePi\Pic\main.asm
         _intl_usart_exit   0x000244    program     static C:\Documents and Settings\hugo\My Documents\GitHub\Bleuette\src\BleuettePi\Pic\main.asm
_intl_usart_received_test_comman   0x000054    program     static C:\Documents and Settings\hugo\My Documents\GitHub\Bleuette\src\BleuettePi\Pic\main.asm
_intl_usart_received_test_contro   0x00023e    program     static C:\Documents and Settings\hugo\My Documents\GitHub\Bleuette\src\BleuettePi\Pic\main.asm
_intl_usart_received_test_pos0   0x00015e    program     static C:\Documents and Settings\hugo\My Documents\GitHub\Bleuette\src\BleuettePi\Pic\main.asm
_intl_usart_received_test_pos1   0x00016e    program     static C:\Documents and Settings\hugo\My Documents\GitHub\Bleuette\src\BleuettePi\Pic\main.asm
_intl_usart_received_test_pos10   0x0001fe    program     static C:\Documents and Settings\hugo\My Documents\GitHub\Bleuette\src\BleuettePi\Pic\main.asm
_intl_usart_received_test_pos11   0x00020e    program     static C:\Documents and Settings\hugo\My Documents\GitHub\Bleuette\src\BleuettePi\Pic\main.asm
_intl_usart_received_test_pos12   0x00021e    program     static C:\Documents and Settings\hugo\My Documents\GitHub\Bleuette\src\BleuettePi\Pic\main.asm
_intl_usart_received_test_pos13   0x00022e    program     static C:\Documents and Settings\hugo\My Documents\GitHub\Bleuette\src\BleuettePi\Pic\main.asm
_intl_usart_received_test_pos2   0x00017e    program     static C:\Documents and Settings\hugo\My Documents\GitHub\Bleuette\src\BleuettePi\Pic\main.asm
_intl_usart_received_test_pos3   0x00018e    program     static C:\Documents and Settings\hugo\My Documents\GitHub\Bleuette\src\BleuettePi\Pic\main.asm
_intl_usart_received_test_pos4   0x00019e    program     static C:\Documents and Settings\hugo\My Documents\GitHub\Bleuette\src\BleuettePi\Pic\main.asm
_intl_usart_received_test_pos5   0x0001ae    program     static C:\Documents and Settings\hugo\My Documents\GitHub\Bleuette\src\BleuettePi\Pic\main.asm
_intl_usart_received_test_pos6   0x0001be    program     static C:\Documents and Settings\hugo\My Documents\GitHub\Bleuette\src\BleuettePi\Pic\main.asm
_intl_usart_received_test_pos7   0x0001ce    program     static C:\Documents and Settings\hugo\My Documents\GitHub\Bleuette\src\BleuettePi\Pic\main.asm
_intl_usart_received_test_pos8   0x0001de    program     static C:\Documents and Settings\hugo\My Documents\GitHub\Bleuette\src\BleuettePi\Pic\main.asm
_intl_usart_received_test_pos9   0x0001ee    program     static C:\Documents and Settings\hugo\My Documents\GitHub\Bleuette\src\BleuettePi\Pic\main.asm
_intl_usart_unknow_command   0x00014e    program     static C:\Documents and Settings\hugo\My Documents\GitHub\Bleuette\src\BleuettePi\Pic\main.asm
                    _sort   0x000796    program     static C:\Documents and Settings\hugo\My Documents\GitHub\Bleuette\src\BleuettePi\Pic\main.asm
                _sort_inf   0x0007be    program     static C:\Documents and Settings\hugo\My Documents\GitHub\Bleuette\src\BleuettePi\Pic\main.asm
               _sort_last   0x0007aa    program     static C:\Documents and Settings\hugo\My Documents\GitHub\Bleuette\src\BleuettePi\Pic\main.asm
               _sort_next   0x0007b8    program     static C:\Documents and Settings\hugo\My Documents\GitHub\Bleuette\src\BleuettePi\Pic\main.asm
                _sort_paf   0x0007d0    program     static C:\Documents and Settings\hugo\My Documents\GitHub\Bleuette\src\BleuettePi\Pic\main.asm
                _sort_pif   0x0007dc    program     static C:\Documents and Settings\hugo\My Documents\GitHub\Bleuette\src\BleuettePi\Pic\main.asm
               _sort_quit   0x0007e0    program     static C:\Documents and Settings\hugo\My Documents\GitHub\Bleuette\src\BleuettePi\Pic\main.asm
                      ack   0x0005c4    program     static C:\Documents and Settings\hugo\My Documents\GitHub\Bleuette\src\BleuettePi\Pic\main.asm
                 bcl_toto   0x000266    program     static C:\Documents and Settings\hugo\My Documents\GitHub\Bleuette\src\BleuettePi\Pic\main.asm
              clearAllOut   0x000648    program     static C:\Documents and Settings\hugo\My Documents\GitHub\Bleuette\src\BleuettePi\Pic\main.asm
                  clrPort   0x0006ce    program     static C:\Documents and Settings\hugo\My Documents\GitHub\Bleuette\src\BleuettePi\Pic\main.asm
                     inth   0x00001c    program     static C:\Documents and Settings\hugo\My Documents\GitHub\Bleuette\src\BleuettePi\Pic\main.asm
                 inth_end   0x00033a    program     static C:\Documents and Settings\hugo\My Documents\GitHub\Bleuette\src\BleuettePi\Pic\main.asm
                     intl   0x000036    program     static C:\Documents and Settings\hugo\My Documents\GitHub\Bleuette\src\BleuettePi\Pic\main.asm
                     main   0x000596    program     static C:\Documents and Settings\hugo\My Documents\GitHub\Bleuette\src\BleuettePi\Pic\main.asm
                     nack   0x000608    program     static C:\Documents and Settings\hugo\My Documents\GitHub\Bleuette\src\BleuettePi\Pic\main.asm
                   phase2   0x0002ea    program     static C:\Documents and Settings\hugo\My Documents\GitHub\Bleuette\src\BleuettePi\Pic\main.asm
                   phase3   0x000310    program     static C:\Documents and Settings\hugo\My Documents\GitHub\Bleuette\src\BleuettePi\Pic\main.asm
                   phase4   0x000326    program     static C:\Documents and Settings\hugo\My Documents\GitHub\Bleuette\src\BleuettePi\Pic\main.asm
               setAllPort   0x000650    program     static C:\Documents and Settings\hugo\My Documents\GitHub\Bleuette\src\BleuettePi\Pic\main.asm
                 setValue   0x000616    program     static C:\Documents and Settings\hugo\My Documents\GitHub\Bleuette\src\BleuettePi\Pic\main.asm
                     sort   0x00075c    program     static C:\Documents and Settings\hugo\My Documents\GitHub\Bleuette\src\BleuettePi\Pic\main.asm
                    sort_   0x00077e    program     static C:\Documents and Settings\hugo\My Documents\GitHub\Bleuette\src\BleuettePi\Pic\main.asm



                              Symbols - Sorted by Address
                     Name    Address   Location    Storage File                     
                ---------  ---------  ---------  --------- ---------                
                     inth   0x00001c    program     static C:\Documents and Settings\hugo\My Documents\GitHub\Bleuette\src\BleuettePi\Pic\main.asm
                     intl   0x000036    program     static C:\Documents and Settings\hugo\My Documents\GitHub\Bleuette\src\BleuettePi\Pic\main.asm
              _intl_usart   0x00003e    program     static C:\Documents and Settings\hugo\My Documents\GitHub\Bleuette\src\BleuettePi\Pic\main.asm
_intl_usart_received_test_comman   0x000054    program     static C:\Documents and Settings\hugo\My Documents\GitHub\Bleuette\src\BleuettePi\Pic\main.asm
_int1_usart_received_test_set   0x00005c    program     static C:\Documents and Settings\hugo\My Documents\GitHub\Bleuette\src\BleuettePi\Pic\main.asm
_int1_usart_received_test_init   0x000068    program     static C:\Documents and Settings\hugo\My Documents\GitHub\Bleuette\src\BleuettePi\Pic\main.asm
_int1_usart_received_test_pause   0x00007c    program     static C:\Documents and Settings\hugo\My Documents\GitHub\Bleuette\src\BleuettePi\Pic\main.asm
_int1_usart_received_test_resume   0x00008e    program     static C:\Documents and Settings\hugo\My Documents\GitHub\Bleuette\src\BleuettePi\Pic\main.asm
_int1_usart_received_test_ana0   0x00009c    program     static C:\Documents and Settings\hugo\My Documents\GitHub\Bleuette\src\BleuettePi\Pic\main.asm
_int1_usart_received_test_ana1   0x0000b2    program     static C:\Documents and Settings\hugo\My Documents\GitHub\Bleuette\src\BleuettePi\Pic\main.asm
_int1_usart_received_test_ana2   0x0000c8    program     static C:\Documents and Settings\hugo\My Documents\GitHub\Bleuette\src\BleuettePi\Pic\main.asm
_int1_usart_received_test_ana3   0x0000de    program     static C:\Documents and Settings\hugo\My Documents\GitHub\Bleuette\src\BleuettePi\Pic\main.asm
_int1_usart_received_test_ana4   0x0000f4    program     static C:\Documents and Settings\hugo\My Documents\GitHub\Bleuette\src\BleuettePi\Pic\main.asm
_int1_usart_received_test_ana5   0x00010a    program     static C:\Documents and Settings\hugo\My Documents\GitHub\Bleuette\src\BleuettePi\Pic\main.asm
_int1_usart_received_test_clear   0x000120    program     static C:\Documents and Settings\hugo\My Documents\GitHub\Bleuette\src\BleuettePi\Pic\main.asm
_int1_usart_received_send_ack   0x000140    program     static C:\Documents and Settings\hugo\My Documents\GitHub\Bleuette\src\BleuettePi\Pic\main.asm
_intl_usart_unknow_command   0x00014e    program     static C:\Documents and Settings\hugo\My Documents\GitHub\Bleuette\src\BleuettePi\Pic\main.asm
        _int1_usart_clear   0x000158    program     static C:\Documents and Settings\hugo\My Documents\GitHub\Bleuette\src\BleuettePi\Pic\main.asm
_intl_usart_received_test_pos0   0x00015e    program     static C:\Documents and Settings\hugo\My Documents\GitHub\Bleuette\src\BleuettePi\Pic\main.asm
_intl_usart_received_test_pos1   0x00016e    program     static C:\Documents and Settings\hugo\My Documents\GitHub\Bleuette\src\BleuettePi\Pic\main.asm
_intl_usart_received_test_pos2   0x00017e    program     static C:\Documents and Settings\hugo\My Documents\GitHub\Bleuette\src\BleuettePi\Pic\main.asm
_intl_usart_received_test_pos3   0x00018e    program     static C:\Documents and Settings\hugo\My Documents\GitHub\Bleuette\src\BleuettePi\Pic\main.asm
_intl_usart_received_test_pos4   0x00019e    program     static C:\Documents and Settings\hugo\My Documents\GitHub\Bleuette\src\BleuettePi\Pic\main.asm
_intl_usart_received_test_pos5   0x0001ae    program     static C:\Documents and Settings\hugo\My Documents\GitHub\Bleuette\src\BleuettePi\Pic\main.asm
_intl_usart_received_test_pos6   0x0001be    program     static C:\Documents and Settings\hugo\My Documents\GitHub\Bleuette\src\BleuettePi\Pic\main.asm
_intl_usart_received_test_pos7   0x0001ce    program     static C:\Documents and Settings\hugo\My Documents\GitHub\Bleuette\src\BleuettePi\Pic\main.asm
_intl_usart_received_test_pos8   0x0001de    program     static C:\Documents and Settings\hugo\My Documents\GitHub\Bleuette\src\BleuettePi\Pic\main.asm
_intl_usart_received_test_pos9   0x0001ee    program     static C:\Documents and Settings\hugo\My Documents\GitHub\Bleuette\src\BleuettePi\Pic\main.asm
_intl_usart_received_test_pos10   0x0001fe    program     static C:\Documents and Settings\hugo\My Documents\GitHub\Bleuette\src\BleuettePi\Pic\main.asm
_intl_usart_received_test_pos11   0x00020e    program     static C:\Documents and Settings\hugo\My Documents\GitHub\Bleuette\src\BleuettePi\Pic\main.asm
_intl_usart_received_test_pos12   0x00021e    program     static C:\Documents and Settings\hugo\My Documents\GitHub\Bleuette\src\BleuettePi\Pic\main.asm
_intl_usart_received_test_pos13   0x00022e    program     static C:\Documents and Settings\hugo\My Documents\GitHub\Bleuette\src\BleuettePi\Pic\main.asm
_intl_usart_received_test_contro   0x00023e    program     static C:\Documents and Settings\hugo\My Documents\GitHub\Bleuette\src\BleuettePi\Pic\main.asm
          _intl_usart_end   0x000242    program     static C:\Documents and Settings\hugo\My Documents\GitHub\Bleuette\src\BleuettePi\Pic\main.asm
         _intl_usart_exit   0x000244    program     static C:\Documents and Settings\hugo\My Documents\GitHub\Bleuette\src\BleuettePi\Pic\main.asm
              _inth_Timer   0x00024a    program     static C:\Documents and Settings\hugo\My Documents\GitHub\Bleuette\src\BleuettePi\Pic\main.asm
                 bcl_toto   0x000266    program     static C:\Documents and Settings\hugo\My Documents\GitHub\Bleuette\src\BleuettePi\Pic\main.asm
                   phase2   0x0002ea    program     static C:\Documents and Settings\hugo\My Documents\GitHub\Bleuette\src\BleuettePi\Pic\main.asm
                   phase3   0x000310    program     static C:\Documents and Settings\hugo\My Documents\GitHub\Bleuette\src\BleuettePi\Pic\main.asm
                   phase4   0x000326    program     static C:\Documents and Settings\hugo\My Documents\GitHub\Bleuette\src\BleuettePi\Pic\main.asm
                 inth_end   0x00033a    program     static C:\Documents and Settings\hugo\My Documents\GitHub\Bleuette\src\BleuettePi\Pic\main.asm
                    _init   0x000340    program     static C:\Documents and Settings\hugo\My Documents\GitHub\Bleuette\src\BleuettePi\Pic\init.inc
                     main   0x000596    program     static C:\Documents and Settings\hugo\My Documents\GitHub\Bleuette\src\BleuettePi\Pic\main.asm
                      ack   0x0005c4    program     static C:\Documents and Settings\hugo\My Documents\GitHub\Bleuette\src\BleuettePi\Pic\main.asm
                     nack   0x000608    program     static C:\Documents and Settings\hugo\My Documents\GitHub\Bleuette\src\BleuettePi\Pic\main.asm
                 setValue   0x000616    program     static C:\Documents and Settings\hugo\My Documents\GitHub\Bleuette\src\BleuettePi\Pic\main.asm
              clearAllOut   0x000648    program     static C:\Documents and Settings\hugo\My Documents\GitHub\Bleuette\src\BleuettePi\Pic\main.asm
               setAllPort   0x000650    program     static C:\Documents and Settings\hugo\My Documents\GitHub\Bleuette\src\BleuettePi\Pic\main.asm
                  clrPort   0x0006ce    program     static C:\Documents and Settings\hugo\My Documents\GitHub\Bleuette\src\BleuettePi\Pic\main.asm
                 _clrPort   0x000718    program     static C:\Documents and Settings\hugo\My Documents\GitHub\Bleuette\src\BleuettePi\Pic\main.asm
                     sort   0x00075c    program     static C:\Documents and Settings\hugo\My Documents\GitHub\Bleuette\src\BleuettePi\Pic\main.asm
                    sort_   0x00077e    program     static C:\Documents and Settings\hugo\My Documents\GitHub\Bleuette\src\BleuettePi\Pic\main.asm
                    _sort   0x000796    program     static C:\Documents and Settings\hugo\My Documents\GitHub\Bleuette\src\BleuettePi\Pic\main.asm
               _sort_last   0x0007aa    program     static C:\Documents and Settings\hugo\My Documents\GitHub\Bleuette\src\BleuettePi\Pic\main.asm
               _sort_next   0x0007b8    program     static C:\Documents and Settings\hugo\My Documents\GitHub\Bleuette\src\BleuettePi\Pic\main.asm
                _sort_inf   0x0007be    program     static C:\Documents and Settings\hugo\My Documents\GitHub\Bleuette\src\BleuettePi\Pic\main.asm
                _sort_paf   0x0007d0    program     static C:\Documents and Settings\hugo\My Documents\GitHub\Bleuette\src\BleuettePi\Pic\main.asm
                _sort_pif   0x0007dc    program     static C:\Documents and Settings\hugo\My Documents\GitHub\Bleuette\src\BleuettePi\Pic\main.asm
               _sort_quit   0x0007e0    program     static C:\Documents and Settings\hugo\My Documents\GitHub\Bleuette\src\BleuettePi\Pic\main.asm


