MPLINK 4.46, Linker
Linker Map File - Created Mon Jan 14 08:49:15 2013

                                 Section Info
                  Section       Type    Address   Location Size(Bytes)
                ---------  ---------  ---------  ---------  ---------
                   .org_0       code   0x000000    program   0x000000
                   .org_1       code   0x000000    program   0x000004
                   .org_2       code   0x000008    program   0x000004
                   .org_3       code   0x000018    program   0x000772
    .config_300000_MAIN.O       code   0x300000    program   0x000002
    .config_300002_MAIN.O       code   0x300002    program   0x000002
    .config_300006_MAIN.O       code   0x300006    program   0x000002
    .config_300008_MAIN.O       code   0x300008    program   0x000002
    .config_30000A_MAIN.O       code   0x30000a    program   0x000002
    .config_30000C_MAIN.O       code   0x30000c    program   0x000002



                              Program Memory Usage 
                               Start         End      
                           ---------   ---------      
                            0x000000    0x000003      
                            0x000008    0x00000b      
                            0x000018    0x000789      
                            0x300000    0x300003      
                            0x300006    0x30000d      
            1926 out of 33048 program addresses used, program memory utilization is 5%



                              Symbols - Sorted by Name
                     Name    Address   Location    Storage File                     
                ---------  ---------  ---------  --------- ---------                
                 _clrPort   0x000684    program     static C:\Documents and Settings\hugo\My Documents\Bleuette\servo-controller\main.asm
                    _init   0x000254    program     static C:\Documents and Settings\hugo\My Documents\Bleuette\servo-controller\init.inc
        _int1_usart_clear   0x00005e    program     static C:\Documents and Settings\hugo\My Documents\Bleuette\servo-controller\main.asm
              _inth_Timer   0x00015e    program     static C:\Documents and Settings\hugo\My Documents\Bleuette\servo-controller\main.asm
              _intl_usart   0x000036    program     static C:\Documents and Settings\hugo\My Documents\Bleuette\servo-controller\main.asm
          _intl_usart_end   0x000158    program     static C:\Documents and Settings\hugo\My Documents\Bleuette\servo-controller\main.asm
         _intl_usart_exit   0x00015a    program     static C:\Documents and Settings\hugo\My Documents\Bleuette\servo-controller\main.asm
_intl_usart_received_test_contro   0x000154    program     static C:\Documents and Settings\hugo\My Documents\Bleuette\servo-controller\main.asm
_intl_usart_received_test_mode   0x00004a    program     static C:\Documents and Settings\hugo\My Documents\Bleuette\servo-controller\main.asm
_intl_usart_received_test_pos0   0x000064    program     static C:\Documents and Settings\hugo\My Documents\Bleuette\servo-controller\main.asm
_intl_usart_received_test_pos1   0x000074    program     static C:\Documents and Settings\hugo\My Documents\Bleuette\servo-controller\main.asm
_intl_usart_received_test_pos10   0x000104    program     static C:\Documents and Settings\hugo\My Documents\Bleuette\servo-controller\main.asm
_intl_usart_received_test_pos11   0x000114    program     static C:\Documents and Settings\hugo\My Documents\Bleuette\servo-controller\main.asm
_intl_usart_received_test_pos12   0x000124    program     static C:\Documents and Settings\hugo\My Documents\Bleuette\servo-controller\main.asm
_intl_usart_received_test_pos13   0x000134    program     static C:\Documents and Settings\hugo\My Documents\Bleuette\servo-controller\main.asm
_intl_usart_received_test_pos14   0x000144    program     static C:\Documents and Settings\hugo\My Documents\Bleuette\servo-controller\main.asm
_intl_usart_received_test_pos2   0x000084    program     static C:\Documents and Settings\hugo\My Documents\Bleuette\servo-controller\main.asm
_intl_usart_received_test_pos3   0x000094    program     static C:\Documents and Settings\hugo\My Documents\Bleuette\servo-controller\main.asm
_intl_usart_received_test_pos4   0x0000a4    program     static C:\Documents and Settings\hugo\My Documents\Bleuette\servo-controller\main.asm
_intl_usart_received_test_pos5   0x0000b4    program     static C:\Documents and Settings\hugo\My Documents\Bleuette\servo-controller\main.asm
_intl_usart_received_test_pos6   0x0000c4    program     static C:\Documents and Settings\hugo\My Documents\Bleuette\servo-controller\main.asm
_intl_usart_received_test_pos7   0x0000d4    program     static C:\Documents and Settings\hugo\My Documents\Bleuette\servo-controller\main.asm
_intl_usart_received_test_pos8   0x0000e4    program     static C:\Documents and Settings\hugo\My Documents\Bleuette\servo-controller\main.asm
_intl_usart_received_test_pos9   0x0000f4    program     static C:\Documents and Settings\hugo\My Documents\Bleuette\servo-controller\main.asm
                    _sort   0x000702    program     static C:\Documents and Settings\hugo\My Documents\Bleuette\servo-controller\main.asm
                _sort_inf   0x00072a    program     static C:\Documents and Settings\hugo\My Documents\Bleuette\servo-controller\main.asm
               _sort_last   0x000716    program     static C:\Documents and Settings\hugo\My Documents\Bleuette\servo-controller\main.asm
               _sort_next   0x000724    program     static C:\Documents and Settings\hugo\My Documents\Bleuette\servo-controller\main.asm
                _sort_paf   0x00073c    program     static C:\Documents and Settings\hugo\My Documents\Bleuette\servo-controller\main.asm
                _sort_pif   0x000748    program     static C:\Documents and Settings\hugo\My Documents\Bleuette\servo-controller\main.asm
               _sort_quit   0x00074c    program     static C:\Documents and Settings\hugo\My Documents\Bleuette\servo-controller\main.asm
                      ack   0x0004d6    program     static C:\Documents and Settings\hugo\My Documents\Bleuette\servo-controller\main.asm
                 bcl_toto   0x00017a    program     static C:\Documents and Settings\hugo\My Documents\Bleuette\servo-controller\main.asm
                  clrPort   0x00063a    program     static C:\Documents and Settings\hugo\My Documents\Bleuette\servo-controller\main.asm
                     inth   0x00001c    program     static C:\Documents and Settings\hugo\My Documents\Bleuette\servo-controller\main.asm
                 inth_end   0x00024e    program     static C:\Documents and Settings\hugo\My Documents\Bleuette\servo-controller\main.asm
                     intl   0x00002e    program     static C:\Documents and Settings\hugo\My Documents\Bleuette\servo-controller\main.asm
                     main   0x0004a8    program     static C:\Documents and Settings\hugo\My Documents\Bleuette\servo-controller\main.asm
                     nack   0x00051a    program     static C:\Documents and Settings\hugo\My Documents\Bleuette\servo-controller\main.asm
                   phase2   0x0001fe    program     static C:\Documents and Settings\hugo\My Documents\Bleuette\servo-controller\main.asm
                   phase3   0x000224    program     static C:\Documents and Settings\hugo\My Documents\Bleuette\servo-controller\main.asm
                   phase4   0x00023a    program     static C:\Documents and Settings\hugo\My Documents\Bleuette\servo-controller\main.asm
               setAllPort   0x00055a    program     static C:\Documents and Settings\hugo\My Documents\Bleuette\servo-controller\main.asm
                 setValue   0x000528    program     static C:\Documents and Settings\hugo\My Documents\Bleuette\servo-controller\main.asm
                     sort   0x0006c8    program     static C:\Documents and Settings\hugo\My Documents\Bleuette\servo-controller\main.asm
                    sort_   0x0006ea    program     static C:\Documents and Settings\hugo\My Documents\Bleuette\servo-controller\main.asm



                              Symbols - Sorted by Address
                     Name    Address   Location    Storage File                     
                ---------  ---------  ---------  --------- ---------                
                     inth   0x00001c    program     static C:\Documents and Settings\hugo\My Documents\Bleuette\servo-controller\main.asm
                     intl   0x00002e    program     static C:\Documents and Settings\hugo\My Documents\Bleuette\servo-controller\main.asm
              _intl_usart   0x000036    program     static C:\Documents and Settings\hugo\My Documents\Bleuette\servo-controller\main.asm
_intl_usart_received_test_mode   0x00004a    program     static C:\Documents and Settings\hugo\My Documents\Bleuette\servo-controller\main.asm
        _int1_usart_clear   0x00005e    program     static C:\Documents and Settings\hugo\My Documents\Bleuette\servo-controller\main.asm
_intl_usart_received_test_pos0   0x000064    program     static C:\Documents and Settings\hugo\My Documents\Bleuette\servo-controller\main.asm
_intl_usart_received_test_pos1   0x000074    program     static C:\Documents and Settings\hugo\My Documents\Bleuette\servo-controller\main.asm
_intl_usart_received_test_pos2   0x000084    program     static C:\Documents and Settings\hugo\My Documents\Bleuette\servo-controller\main.asm
_intl_usart_received_test_pos3   0x000094    program     static C:\Documents and Settings\hugo\My Documents\Bleuette\servo-controller\main.asm
_intl_usart_received_test_pos4   0x0000a4    program     static C:\Documents and Settings\hugo\My Documents\Bleuette\servo-controller\main.asm
_intl_usart_received_test_pos5   0x0000b4    program     static C:\Documents and Settings\hugo\My Documents\Bleuette\servo-controller\main.asm
_intl_usart_received_test_pos6   0x0000c4    program     static C:\Documents and Settings\hugo\My Documents\Bleuette\servo-controller\main.asm
_intl_usart_received_test_pos7   0x0000d4    program     static C:\Documents and Settings\hugo\My Documents\Bleuette\servo-controller\main.asm
_intl_usart_received_test_pos8   0x0000e4    program     static C:\Documents and Settings\hugo\My Documents\Bleuette\servo-controller\main.asm
_intl_usart_received_test_pos9   0x0000f4    program     static C:\Documents and Settings\hugo\My Documents\Bleuette\servo-controller\main.asm
_intl_usart_received_test_pos10   0x000104    program     static C:\Documents and Settings\hugo\My Documents\Bleuette\servo-controller\main.asm
_intl_usart_received_test_pos11   0x000114    program     static C:\Documents and Settings\hugo\My Documents\Bleuette\servo-controller\main.asm
_intl_usart_received_test_pos12   0x000124    program     static C:\Documents and Settings\hugo\My Documents\Bleuette\servo-controller\main.asm
_intl_usart_received_test_pos13   0x000134    program     static C:\Documents and Settings\hugo\My Documents\Bleuette\servo-controller\main.asm
_intl_usart_received_test_pos14   0x000144    program     static C:\Documents and Settings\hugo\My Documents\Bleuette\servo-controller\main.asm
_intl_usart_received_test_contro   0x000154    program     static C:\Documents and Settings\hugo\My Documents\Bleuette\servo-controller\main.asm
          _intl_usart_end   0x000158    program     static C:\Documents and Settings\hugo\My Documents\Bleuette\servo-controller\main.asm
         _intl_usart_exit   0x00015a    program     static C:\Documents and Settings\hugo\My Documents\Bleuette\servo-controller\main.asm
              _inth_Timer   0x00015e    program     static C:\Documents and Settings\hugo\My Documents\Bleuette\servo-controller\main.asm
                 bcl_toto   0x00017a    program     static C:\Documents and Settings\hugo\My Documents\Bleuette\servo-controller\main.asm
                   phase2   0x0001fe    program     static C:\Documents and Settings\hugo\My Documents\Bleuette\servo-controller\main.asm
                   phase3   0x000224    program     static C:\Documents and Settings\hugo\My Documents\Bleuette\servo-controller\main.asm
                   phase4   0x00023a    program     static C:\Documents and Settings\hugo\My Documents\Bleuette\servo-controller\main.asm
                 inth_end   0x00024e    program     static C:\Documents and Settings\hugo\My Documents\Bleuette\servo-controller\main.asm
                    _init   0x000254    program     static C:\Documents and Settings\hugo\My Documents\Bleuette\servo-controller\init.inc
                     main   0x0004a8    program     static C:\Documents and Settings\hugo\My Documents\Bleuette\servo-controller\main.asm
                      ack   0x0004d6    program     static C:\Documents and Settings\hugo\My Documents\Bleuette\servo-controller\main.asm
                     nack   0x00051a    program     static C:\Documents and Settings\hugo\My Documents\Bleuette\servo-controller\main.asm
                 setValue   0x000528    program     static C:\Documents and Settings\hugo\My Documents\Bleuette\servo-controller\main.asm
               setAllPort   0x00055a    program     static C:\Documents and Settings\hugo\My Documents\Bleuette\servo-controller\main.asm
                  clrPort   0x00063a    program     static C:\Documents and Settings\hugo\My Documents\Bleuette\servo-controller\main.asm
                 _clrPort   0x000684    program     static C:\Documents and Settings\hugo\My Documents\Bleuette\servo-controller\main.asm
                     sort   0x0006c8    program     static C:\Documents and Settings\hugo\My Documents\Bleuette\servo-controller\main.asm
                    sort_   0x0006ea    program     static C:\Documents and Settings\hugo\My Documents\Bleuette\servo-controller\main.asm
                    _sort   0x000702    program     static C:\Documents and Settings\hugo\My Documents\Bleuette\servo-controller\main.asm
               _sort_last   0x000716    program     static C:\Documents and Settings\hugo\My Documents\Bleuette\servo-controller\main.asm
               _sort_next   0x000724    program     static C:\Documents and Settings\hugo\My Documents\Bleuette\servo-controller\main.asm
                _sort_inf   0x00072a    program     static C:\Documents and Settings\hugo\My Documents\Bleuette\servo-controller\main.asm
                _sort_paf   0x00073c    program     static C:\Documents and Settings\hugo\My Documents\Bleuette\servo-controller\main.asm
                _sort_pif   0x000748    program     static C:\Documents and Settings\hugo\My Documents\Bleuette\servo-controller\main.asm
               _sort_quit   0x00074c    program     static C:\Documents and Settings\hugo\My Documents\Bleuette\servo-controller\main.asm


