MPLINK 4.46, Linker
Linker Map File - Created Fri Jan 11 22:34:49 2013

                                 Section Info
                  Section       Type    Address   Location Size(Bytes)
                ---------  ---------  ---------  ---------  ---------
                   .org_0       code   0x000000    program   0x000000
                   .org_1       code   0x000000    program   0x000004
                   .org_2       code   0x000008    program   0x000004
                   .org_3       code   0x000018    program   0x000722
    .config_300002_MAIN.O       code   0x300002    program   0x000002
    .config_300006_MAIN.O       code   0x300006    program   0x000002
    .config_300008_MAIN.O       code   0x300008    program   0x000002
    .config_30000A_MAIN.O       code   0x30000a    program   0x000002
    .config_30000C_MAIN.O       code   0x30000c    program   0x000002



                              Program Memory Usage 
                               Start         End      
                           ---------   ---------      
                            0x000000    0x000003      
                            0x000008    0x00000b      
                            0x000018    0x000739      
                            0x300002    0x300003      
                            0x300006    0x30000d      
            1844 out of 33048 program addresses used, program memory utilization is 5%



                              Symbols - Sorted by Name
                     Name    Address   Location    Storage File                     
                ---------  ---------  ---------  --------- ---------                
                 _clrPort   0x000634    program     static C:\Documents and Settings\hugo\My Documents\Bleuette\servo-controller\main.asm
                    _init   0x000230    program     static C:\Documents and Settings\hugo\My Documents\Bleuette\servo-controller\init.inc
              _inth_Timer   0x00013a    program     static C:\Documents and Settings\hugo\My Documents\Bleuette\servo-controller\main.asm
              _intl_usart   0x000036    program     static C:\Documents and Settings\hugo\My Documents\Bleuette\servo-controller\main.asm
          _intl_usart_end   0x000134    program     static C:\Documents and Settings\hugo\My Documents\Bleuette\servo-controller\main.asm
         _intl_usart_end2   0x000136    program     static C:\Documents and Settings\hugo\My Documents\Bleuette\servo-controller\main.asm
_intl_usart_received_test_end   0x000120    program     static C:\Documents and Settings\hugo\My Documents\Bleuette\servo-controller\main.asm
_intl_usart_received_test_mode   0x000044    program     static C:\Documents and Settings\hugo\My Documents\Bleuette\servo-controller\main.asm
_intl_usart_received_test_pos0   0x000052    program     static C:\Documents and Settings\hugo\My Documents\Bleuette\servo-controller\main.asm
_intl_usart_received_test_pos1   0x000062    program     static C:\Documents and Settings\hugo\My Documents\Bleuette\servo-controller\main.asm
_intl_usart_received_test_pos10   0x0000f2    program     static C:\Documents and Settings\hugo\My Documents\Bleuette\servo-controller\main.asm
_intl_usart_received_test_pos11   0x000102    program     static C:\Documents and Settings\hugo\My Documents\Bleuette\servo-controller\main.asm
_intl_usart_received_test_pos12   0x000112    program     static C:\Documents and Settings\hugo\My Documents\Bleuette\servo-controller\main.asm
_intl_usart_received_test_pos2   0x000072    program     static C:\Documents and Settings\hugo\My Documents\Bleuette\servo-controller\main.asm
_intl_usart_received_test_pos3   0x000082    program     static C:\Documents and Settings\hugo\My Documents\Bleuette\servo-controller\main.asm
_intl_usart_received_test_pos4   0x000092    program     static C:\Documents and Settings\hugo\My Documents\Bleuette\servo-controller\main.asm
_intl_usart_received_test_pos5   0x0000a2    program     static C:\Documents and Settings\hugo\My Documents\Bleuette\servo-controller\main.asm
_intl_usart_received_test_pos6   0x0000b2    program     static C:\Documents and Settings\hugo\My Documents\Bleuette\servo-controller\main.asm
_intl_usart_received_test_pos7   0x0000c2    program     static C:\Documents and Settings\hugo\My Documents\Bleuette\servo-controller\main.asm
_intl_usart_received_test_pos8   0x0000d2    program     static C:\Documents and Settings\hugo\My Documents\Bleuette\servo-controller\main.asm
_intl_usart_received_test_pos9   0x0000e2    program     static C:\Documents and Settings\hugo\My Documents\Bleuette\servo-controller\main.asm
               _main_next   0x00049e    program     static C:\Documents and Settings\hugo\My Documents\Bleuette\servo-controller\main.asm
                    _sort   0x0006b2    program     static C:\Documents and Settings\hugo\My Documents\Bleuette\servo-controller\main.asm
                _sort_inf   0x0006da    program     static C:\Documents and Settings\hugo\My Documents\Bleuette\servo-controller\main.asm
               _sort_last   0x0006c6    program     static C:\Documents and Settings\hugo\My Documents\Bleuette\servo-controller\main.asm
               _sort_next   0x0006d4    program     static C:\Documents and Settings\hugo\My Documents\Bleuette\servo-controller\main.asm
                _sort_paf   0x0006ec    program     static C:\Documents and Settings\hugo\My Documents\Bleuette\servo-controller\main.asm
                _sort_pif   0x0006f8    program     static C:\Documents and Settings\hugo\My Documents\Bleuette\servo-controller\main.asm
               _sort_quit   0x0006fc    program     static C:\Documents and Settings\hugo\My Documents\Bleuette\servo-controller\main.asm
                 bcl_toto   0x000156    program     static C:\Documents and Settings\hugo\My Documents\Bleuette\servo-controller\main.asm
                  clrPort   0x0005ea    program     static C:\Documents and Settings\hugo\My Documents\Bleuette\servo-controller\main.asm
                     inth   0x00001c    program     static C:\Documents and Settings\hugo\My Documents\Bleuette\servo-controller\main.asm
                 inth_end   0x00022a    program     static C:\Documents and Settings\hugo\My Documents\Bleuette\servo-controller\main.asm
                     intl   0x00002e    program     static C:\Documents and Settings\hugo\My Documents\Bleuette\servo-controller\main.asm
                     main   0x000494    program     static C:\Documents and Settings\hugo\My Documents\Bleuette\servo-controller\main.asm
                   phase2   0x0001da    program     static C:\Documents and Settings\hugo\My Documents\Bleuette\servo-controller\main.asm
                   phase3   0x000200    program     static C:\Documents and Settings\hugo\My Documents\Bleuette\servo-controller\main.asm
                   phase4   0x000216    program     static C:\Documents and Settings\hugo\My Documents\Bleuette\servo-controller\main.asm
                     pouf   0x000120    program     static C:\Documents and Settings\hugo\My Documents\Bleuette\servo-controller\main.asm
          received_header   0x000122    program     static C:\Documents and Settings\hugo\My Documents\Bleuette\servo-controller\main.asm
            received_mode   0x00012c    program     static C:\Documents and Settings\hugo\My Documents\Bleuette\servo-controller\main.asm
            recept_phase2   0x000132    program     static C:\Documents and Settings\hugo\My Documents\Bleuette\servo-controller\main.asm
               setAllPort   0x00050a    program     static C:\Documents and Settings\hugo\My Documents\Bleuette\servo-controller\main.asm
                 setValue   0x0004d8    program     static C:\Documents and Settings\hugo\My Documents\Bleuette\servo-controller\main.asm
                     sort   0x000678    program     static C:\Documents and Settings\hugo\My Documents\Bleuette\servo-controller\main.asm
                    sort_   0x00069a    program     static C:\Documents and Settings\hugo\My Documents\Bleuette\servo-controller\main.asm
               start_test   0x00047e    program     static C:\Documents and Settings\hugo\My Documents\Bleuette\servo-controller\main.asm



                              Symbols - Sorted by Address
                     Name    Address   Location    Storage File                     
                ---------  ---------  ---------  --------- ---------                
                     inth   0x00001c    program     static C:\Documents and Settings\hugo\My Documents\Bleuette\servo-controller\main.asm
                     intl   0x00002e    program     static C:\Documents and Settings\hugo\My Documents\Bleuette\servo-controller\main.asm
              _intl_usart   0x000036    program     static C:\Documents and Settings\hugo\My Documents\Bleuette\servo-controller\main.asm
_intl_usart_received_test_mode   0x000044    program     static C:\Documents and Settings\hugo\My Documents\Bleuette\servo-controller\main.asm
_intl_usart_received_test_pos0   0x000052    program     static C:\Documents and Settings\hugo\My Documents\Bleuette\servo-controller\main.asm
_intl_usart_received_test_pos1   0x000062    program     static C:\Documents and Settings\hugo\My Documents\Bleuette\servo-controller\main.asm
_intl_usart_received_test_pos2   0x000072    program     static C:\Documents and Settings\hugo\My Documents\Bleuette\servo-controller\main.asm
_intl_usart_received_test_pos3   0x000082    program     static C:\Documents and Settings\hugo\My Documents\Bleuette\servo-controller\main.asm
_intl_usart_received_test_pos4   0x000092    program     static C:\Documents and Settings\hugo\My Documents\Bleuette\servo-controller\main.asm
_intl_usart_received_test_pos5   0x0000a2    program     static C:\Documents and Settings\hugo\My Documents\Bleuette\servo-controller\main.asm
_intl_usart_received_test_pos6   0x0000b2    program     static C:\Documents and Settings\hugo\My Documents\Bleuette\servo-controller\main.asm
_intl_usart_received_test_pos7   0x0000c2    program     static C:\Documents and Settings\hugo\My Documents\Bleuette\servo-controller\main.asm
_intl_usart_received_test_pos8   0x0000d2    program     static C:\Documents and Settings\hugo\My Documents\Bleuette\servo-controller\main.asm
_intl_usart_received_test_pos9   0x0000e2    program     static C:\Documents and Settings\hugo\My Documents\Bleuette\servo-controller\main.asm
_intl_usart_received_test_pos10   0x0000f2    program     static C:\Documents and Settings\hugo\My Documents\Bleuette\servo-controller\main.asm
_intl_usart_received_test_pos11   0x000102    program     static C:\Documents and Settings\hugo\My Documents\Bleuette\servo-controller\main.asm
_intl_usart_received_test_pos12   0x000112    program     static C:\Documents and Settings\hugo\My Documents\Bleuette\servo-controller\main.asm
                     pouf   0x000120    program     static C:\Documents and Settings\hugo\My Documents\Bleuette\servo-controller\main.asm
_intl_usart_received_test_end   0x000120    program     static C:\Documents and Settings\hugo\My Documents\Bleuette\servo-controller\main.asm
          received_header   0x000122    program     static C:\Documents and Settings\hugo\My Documents\Bleuette\servo-controller\main.asm
            received_mode   0x00012c    program     static C:\Documents and Settings\hugo\My Documents\Bleuette\servo-controller\main.asm
            recept_phase2   0x000132    program     static C:\Documents and Settings\hugo\My Documents\Bleuette\servo-controller\main.asm
          _intl_usart_end   0x000134    program     static C:\Documents and Settings\hugo\My Documents\Bleuette\servo-controller\main.asm
         _intl_usart_end2   0x000136    program     static C:\Documents and Settings\hugo\My Documents\Bleuette\servo-controller\main.asm
              _inth_Timer   0x00013a    program     static C:\Documents and Settings\hugo\My Documents\Bleuette\servo-controller\main.asm
                 bcl_toto   0x000156    program     static C:\Documents and Settings\hugo\My Documents\Bleuette\servo-controller\main.asm
                   phase2   0x0001da    program     static C:\Documents and Settings\hugo\My Documents\Bleuette\servo-controller\main.asm
                   phase3   0x000200    program     static C:\Documents and Settings\hugo\My Documents\Bleuette\servo-controller\main.asm
                   phase4   0x000216    program     static C:\Documents and Settings\hugo\My Documents\Bleuette\servo-controller\main.asm
                 inth_end   0x00022a    program     static C:\Documents and Settings\hugo\My Documents\Bleuette\servo-controller\main.asm
                    _init   0x000230    program     static C:\Documents and Settings\hugo\My Documents\Bleuette\servo-controller\init.inc
               start_test   0x00047e    program     static C:\Documents and Settings\hugo\My Documents\Bleuette\servo-controller\main.asm
                     main   0x000494    program     static C:\Documents and Settings\hugo\My Documents\Bleuette\servo-controller\main.asm
               _main_next   0x00049e    program     static C:\Documents and Settings\hugo\My Documents\Bleuette\servo-controller\main.asm
                 setValue   0x0004d8    program     static C:\Documents and Settings\hugo\My Documents\Bleuette\servo-controller\main.asm
               setAllPort   0x00050a    program     static C:\Documents and Settings\hugo\My Documents\Bleuette\servo-controller\main.asm
                  clrPort   0x0005ea    program     static C:\Documents and Settings\hugo\My Documents\Bleuette\servo-controller\main.asm
                 _clrPort   0x000634    program     static C:\Documents and Settings\hugo\My Documents\Bleuette\servo-controller\main.asm
                     sort   0x000678    program     static C:\Documents and Settings\hugo\My Documents\Bleuette\servo-controller\main.asm
                    sort_   0x00069a    program     static C:\Documents and Settings\hugo\My Documents\Bleuette\servo-controller\main.asm
                    _sort   0x0006b2    program     static C:\Documents and Settings\hugo\My Documents\Bleuette\servo-controller\main.asm
               _sort_last   0x0006c6    program     static C:\Documents and Settings\hugo\My Documents\Bleuette\servo-controller\main.asm
               _sort_next   0x0006d4    program     static C:\Documents and Settings\hugo\My Documents\Bleuette\servo-controller\main.asm
                _sort_inf   0x0006da    program     static C:\Documents and Settings\hugo\My Documents\Bleuette\servo-controller\main.asm
                _sort_paf   0x0006ec    program     static C:\Documents and Settings\hugo\My Documents\Bleuette\servo-controller\main.asm
                _sort_pif   0x0006f8    program     static C:\Documents and Settings\hugo\My Documents\Bleuette\servo-controller\main.asm
               _sort_quit   0x0006fc    program     static C:\Documents and Settings\hugo\My Documents\Bleuette\servo-controller\main.asm


