MPLINK 4.46, Linker
Linker Map File - Created Sat Jan 19 22:01:52 2013

                                 Section Info
                  Section       Type    Address   Location Size(Bytes)
                ---------  ---------  ---------  ---------  ---------
                   .org_0       code   0x000000    program   0x000000
                   .org_1       code   0x000000    program   0x000004
                   .org_2       code   0x000008    program   0x000004
                   .org_3       code   0x000018    program   0x0007f0
    .config_300000_MAIN.O       code   0x300000    program   0x000002
    .config_300002_MAIN.O       code   0x300002    program   0x000002
    .config_300006_MAIN.O       code   0x300006    program   0x000002
    .config_300008_MAIN.O       code   0x300008    program   0x000002
    .config_30000A_MAIN.O       code   0x30000a    program   0x000002
    .config_30000C_MAIN.O       code   0x30000c    program   0x000002



                              Program Memory Usage 
                               Start         End      
                           ---------   ---------      
                            0x000000    0x000003      
                            0x000008    0x00000b      
                            0x000018    0x000807      
                            0x300000    0x300003      
                            0x300006    0x30000d      
            2052 out of 33048 program addresses used, program memory utilization is 6%



                              Symbols - Sorted by Name
                     Name    Address   Location    Storage File                     
                ---------  ---------  ---------  --------- ---------                
                 _clrPort   0x000702    program     static C:\Documents and Settings\hugo\My Documents\Bleuette\servo-controller\main.asm
                    _init   0x0002bc    program     static C:\Documents and Settings\hugo\My Documents\Bleuette\servo-controller\init.inc
        _int1_usart_clear   0x0000d4    program     static C:\Documents and Settings\hugo\My Documents\Bleuette\servo-controller\main.asm
_int1_usart_received_send_ack   0x0000bc    program     static C:\Documents and Settings\hugo\My Documents\Bleuette\servo-controller\main.asm
_int1_usart_received_test_clear   0x00009c    program     static C:\Documents and Settings\hugo\My Documents\Bleuette\servo-controller\main.asm
_int1_usart_received_test_init   0x000068    program     static C:\Documents and Settings\hugo\My Documents\Bleuette\servo-controller\main.asm
_int1_usart_received_test_pause   0x00007c    program     static C:\Documents and Settings\hugo\My Documents\Bleuette\servo-controller\main.asm
_int1_usart_received_test_resume   0x00008e    program     static C:\Documents and Settings\hugo\My Documents\Bleuette\servo-controller\main.asm
_int1_usart_received_test_set   0x00005c    program     static C:\Documents and Settings\hugo\My Documents\Bleuette\servo-controller\main.asm
              _inth_Timer   0x0001c6    program     static C:\Documents and Settings\hugo\My Documents\Bleuette\servo-controller\main.asm
              _intl_usart   0x00003e    program     static C:\Documents and Settings\hugo\My Documents\Bleuette\servo-controller\main.asm
          _intl_usart_end   0x0001be    program     static C:\Documents and Settings\hugo\My Documents\Bleuette\servo-controller\main.asm
         _intl_usart_exit   0x0001c0    program     static C:\Documents and Settings\hugo\My Documents\Bleuette\servo-controller\main.asm
_intl_usart_received_test_comman   0x000054    program     static C:\Documents and Settings\hugo\My Documents\Bleuette\servo-controller\main.asm
_intl_usart_received_test_contro   0x0001ba    program     static C:\Documents and Settings\hugo\My Documents\Bleuette\servo-controller\main.asm
_intl_usart_received_test_pos0   0x0000da    program     static C:\Documents and Settings\hugo\My Documents\Bleuette\servo-controller\main.asm
_intl_usart_received_test_pos1   0x0000ea    program     static C:\Documents and Settings\hugo\My Documents\Bleuette\servo-controller\main.asm
_intl_usart_received_test_pos10   0x00017a    program     static C:\Documents and Settings\hugo\My Documents\Bleuette\servo-controller\main.asm
_intl_usart_received_test_pos11   0x00018a    program     static C:\Documents and Settings\hugo\My Documents\Bleuette\servo-controller\main.asm
_intl_usart_received_test_pos12   0x00019a    program     static C:\Documents and Settings\hugo\My Documents\Bleuette\servo-controller\main.asm
_intl_usart_received_test_pos13   0x0001aa    program     static C:\Documents and Settings\hugo\My Documents\Bleuette\servo-controller\main.asm
_intl_usart_received_test_pos2   0x0000fa    program     static C:\Documents and Settings\hugo\My Documents\Bleuette\servo-controller\main.asm
_intl_usart_received_test_pos3   0x00010a    program     static C:\Documents and Settings\hugo\My Documents\Bleuette\servo-controller\main.asm
_intl_usart_received_test_pos4   0x00011a    program     static C:\Documents and Settings\hugo\My Documents\Bleuette\servo-controller\main.asm
_intl_usart_received_test_pos5   0x00012a    program     static C:\Documents and Settings\hugo\My Documents\Bleuette\servo-controller\main.asm
_intl_usart_received_test_pos6   0x00013a    program     static C:\Documents and Settings\hugo\My Documents\Bleuette\servo-controller\main.asm
_intl_usart_received_test_pos7   0x00014a    program     static C:\Documents and Settings\hugo\My Documents\Bleuette\servo-controller\main.asm
_intl_usart_received_test_pos8   0x00015a    program     static C:\Documents and Settings\hugo\My Documents\Bleuette\servo-controller\main.asm
_intl_usart_received_test_pos9   0x00016a    program     static C:\Documents and Settings\hugo\My Documents\Bleuette\servo-controller\main.asm
_intl_usart_unknow_command   0x0000ca    program     static C:\Documents and Settings\hugo\My Documents\Bleuette\servo-controller\main.asm
                    _sort   0x000780    program     static C:\Documents and Settings\hugo\My Documents\Bleuette\servo-controller\main.asm
                _sort_inf   0x0007a8    program     static C:\Documents and Settings\hugo\My Documents\Bleuette\servo-controller\main.asm
               _sort_last   0x000794    program     static C:\Documents and Settings\hugo\My Documents\Bleuette\servo-controller\main.asm
               _sort_next   0x0007a2    program     static C:\Documents and Settings\hugo\My Documents\Bleuette\servo-controller\main.asm
                _sort_paf   0x0007ba    program     static C:\Documents and Settings\hugo\My Documents\Bleuette\servo-controller\main.asm
                _sort_pif   0x0007c6    program     static C:\Documents and Settings\hugo\My Documents\Bleuette\servo-controller\main.asm
               _sort_quit   0x0007ca    program     static C:\Documents and Settings\hugo\My Documents\Bleuette\servo-controller\main.asm
                      ack   0x000540    program     static C:\Documents and Settings\hugo\My Documents\Bleuette\servo-controller\main.asm
                 bcl_toto   0x0001e2    program     static C:\Documents and Settings\hugo\My Documents\Bleuette\servo-controller\main.asm
              clearAllOut   0x0005c4    program     static C:\Documents and Settings\hugo\My Documents\Bleuette\servo-controller\main.asm
                  clrPort   0x0006b8    program     static C:\Documents and Settings\hugo\My Documents\Bleuette\servo-controller\main.asm
                     inth   0x00001c    program     static C:\Documents and Settings\hugo\My Documents\Bleuette\servo-controller\main.asm
                 inth_end   0x0002b6    program     static C:\Documents and Settings\hugo\My Documents\Bleuette\servo-controller\main.asm
                     intl   0x000036    program     static C:\Documents and Settings\hugo\My Documents\Bleuette\servo-controller\main.asm
                     main   0x000512    program     static C:\Documents and Settings\hugo\My Documents\Bleuette\servo-controller\main.asm
                     nack   0x000584    program     static C:\Documents and Settings\hugo\My Documents\Bleuette\servo-controller\main.asm
                   phase2   0x000266    program     static C:\Documents and Settings\hugo\My Documents\Bleuette\servo-controller\main.asm
                   phase3   0x00028c    program     static C:\Documents and Settings\hugo\My Documents\Bleuette\servo-controller\main.asm
                   phase4   0x0002a2    program     static C:\Documents and Settings\hugo\My Documents\Bleuette\servo-controller\main.asm
               setAllPort   0x0005d8    program     static C:\Documents and Settings\hugo\My Documents\Bleuette\servo-controller\main.asm
                 setValue   0x000592    program     static C:\Documents and Settings\hugo\My Documents\Bleuette\servo-controller\main.asm
                     sort   0x000746    program     static C:\Documents and Settings\hugo\My Documents\Bleuette\servo-controller\main.asm
                    sort_   0x000768    program     static C:\Documents and Settings\hugo\My Documents\Bleuette\servo-controller\main.asm



                              Symbols - Sorted by Address
                     Name    Address   Location    Storage File                     
                ---------  ---------  ---------  --------- ---------                
                     inth   0x00001c    program     static C:\Documents and Settings\hugo\My Documents\Bleuette\servo-controller\main.asm
                     intl   0x000036    program     static C:\Documents and Settings\hugo\My Documents\Bleuette\servo-controller\main.asm
              _intl_usart   0x00003e    program     static C:\Documents and Settings\hugo\My Documents\Bleuette\servo-controller\main.asm
_intl_usart_received_test_comman   0x000054    program     static C:\Documents and Settings\hugo\My Documents\Bleuette\servo-controller\main.asm
_int1_usart_received_test_set   0x00005c    program     static C:\Documents and Settings\hugo\My Documents\Bleuette\servo-controller\main.asm
_int1_usart_received_test_init   0x000068    program     static C:\Documents and Settings\hugo\My Documents\Bleuette\servo-controller\main.asm
_int1_usart_received_test_pause   0x00007c    program     static C:\Documents and Settings\hugo\My Documents\Bleuette\servo-controller\main.asm
_int1_usart_received_test_resume   0x00008e    program     static C:\Documents and Settings\hugo\My Documents\Bleuette\servo-controller\main.asm
_int1_usart_received_test_clear   0x00009c    program     static C:\Documents and Settings\hugo\My Documents\Bleuette\servo-controller\main.asm
_int1_usart_received_send_ack   0x0000bc    program     static C:\Documents and Settings\hugo\My Documents\Bleuette\servo-controller\main.asm
_intl_usart_unknow_command   0x0000ca    program     static C:\Documents and Settings\hugo\My Documents\Bleuette\servo-controller\main.asm
        _int1_usart_clear   0x0000d4    program     static C:\Documents and Settings\hugo\My Documents\Bleuette\servo-controller\main.asm
_intl_usart_received_test_pos0   0x0000da    program     static C:\Documents and Settings\hugo\My Documents\Bleuette\servo-controller\main.asm
_intl_usart_received_test_pos1   0x0000ea    program     static C:\Documents and Settings\hugo\My Documents\Bleuette\servo-controller\main.asm
_intl_usart_received_test_pos2   0x0000fa    program     static C:\Documents and Settings\hugo\My Documents\Bleuette\servo-controller\main.asm
_intl_usart_received_test_pos3   0x00010a    program     static C:\Documents and Settings\hugo\My Documents\Bleuette\servo-controller\main.asm
_intl_usart_received_test_pos4   0x00011a    program     static C:\Documents and Settings\hugo\My Documents\Bleuette\servo-controller\main.asm
_intl_usart_received_test_pos5   0x00012a    program     static C:\Documents and Settings\hugo\My Documents\Bleuette\servo-controller\main.asm
_intl_usart_received_test_pos6   0x00013a    program     static C:\Documents and Settings\hugo\My Documents\Bleuette\servo-controller\main.asm
_intl_usart_received_test_pos7   0x00014a    program     static C:\Documents and Settings\hugo\My Documents\Bleuette\servo-controller\main.asm
_intl_usart_received_test_pos8   0x00015a    program     static C:\Documents and Settings\hugo\My Documents\Bleuette\servo-controller\main.asm
_intl_usart_received_test_pos9   0x00016a    program     static C:\Documents and Settings\hugo\My Documents\Bleuette\servo-controller\main.asm
_intl_usart_received_test_pos10   0x00017a    program     static C:\Documents and Settings\hugo\My Documents\Bleuette\servo-controller\main.asm
_intl_usart_received_test_pos11   0x00018a    program     static C:\Documents and Settings\hugo\My Documents\Bleuette\servo-controller\main.asm
_intl_usart_received_test_pos12   0x00019a    program     static C:\Documents and Settings\hugo\My Documents\Bleuette\servo-controller\main.asm
_intl_usart_received_test_pos13   0x0001aa    program     static C:\Documents and Settings\hugo\My Documents\Bleuette\servo-controller\main.asm
_intl_usart_received_test_contro   0x0001ba    program     static C:\Documents and Settings\hugo\My Documents\Bleuette\servo-controller\main.asm
          _intl_usart_end   0x0001be    program     static C:\Documents and Settings\hugo\My Documents\Bleuette\servo-controller\main.asm
         _intl_usart_exit   0x0001c0    program     static C:\Documents and Settings\hugo\My Documents\Bleuette\servo-controller\main.asm
              _inth_Timer   0x0001c6    program     static C:\Documents and Settings\hugo\My Documents\Bleuette\servo-controller\main.asm
                 bcl_toto   0x0001e2    program     static C:\Documents and Settings\hugo\My Documents\Bleuette\servo-controller\main.asm
                   phase2   0x000266    program     static C:\Documents and Settings\hugo\My Documents\Bleuette\servo-controller\main.asm
                   phase3   0x00028c    program     static C:\Documents and Settings\hugo\My Documents\Bleuette\servo-controller\main.asm
                   phase4   0x0002a2    program     static C:\Documents and Settings\hugo\My Documents\Bleuette\servo-controller\main.asm
                 inth_end   0x0002b6    program     static C:\Documents and Settings\hugo\My Documents\Bleuette\servo-controller\main.asm
                    _init   0x0002bc    program     static C:\Documents and Settings\hugo\My Documents\Bleuette\servo-controller\init.inc
                     main   0x000512    program     static C:\Documents and Settings\hugo\My Documents\Bleuette\servo-controller\main.asm
                      ack   0x000540    program     static C:\Documents and Settings\hugo\My Documents\Bleuette\servo-controller\main.asm
                     nack   0x000584    program     static C:\Documents and Settings\hugo\My Documents\Bleuette\servo-controller\main.asm
                 setValue   0x000592    program     static C:\Documents and Settings\hugo\My Documents\Bleuette\servo-controller\main.asm
              clearAllOut   0x0005c4    program     static C:\Documents and Settings\hugo\My Documents\Bleuette\servo-controller\main.asm
               setAllPort   0x0005d8    program     static C:\Documents and Settings\hugo\My Documents\Bleuette\servo-controller\main.asm
                  clrPort   0x0006b8    program     static C:\Documents and Settings\hugo\My Documents\Bleuette\servo-controller\main.asm
                 _clrPort   0x000702    program     static C:\Documents and Settings\hugo\My Documents\Bleuette\servo-controller\main.asm
                     sort   0x000746    program     static C:\Documents and Settings\hugo\My Documents\Bleuette\servo-controller\main.asm
                    sort_   0x000768    program     static C:\Documents and Settings\hugo\My Documents\Bleuette\servo-controller\main.asm
                    _sort   0x000780    program     static C:\Documents and Settings\hugo\My Documents\Bleuette\servo-controller\main.asm
               _sort_last   0x000794    program     static C:\Documents and Settings\hugo\My Documents\Bleuette\servo-controller\main.asm
               _sort_next   0x0007a2    program     static C:\Documents and Settings\hugo\My Documents\Bleuette\servo-controller\main.asm
                _sort_inf   0x0007a8    program     static C:\Documents and Settings\hugo\My Documents\Bleuette\servo-controller\main.asm
                _sort_paf   0x0007ba    program     static C:\Documents and Settings\hugo\My Documents\Bleuette\servo-controller\main.asm
                _sort_pif   0x0007c6    program     static C:\Documents and Settings\hugo\My Documents\Bleuette\servo-controller\main.asm
               _sort_quit   0x0007ca    program     static C:\Documents and Settings\hugo\My Documents\Bleuette\servo-controller\main.asm


